W0913 17:05:43.439000 2260449 site-packages/torch/distributed/run.py:982] 
W0913 17:05:43.439000 2260449 site-packages/torch/distributed/run.py:982] *****************************************
W0913 17:05:43.439000 2260449 site-packages/torch/distributed/run.py:982] Setting OMP_NUM_THREADS environment variable for each process to be 1 in default, to avoid your system being overloaded, please further tune the variable for optimal performance in your application as needed. 
W0913 17:05:43.439000 2260449 site-packages/torch/distributed/run.py:982] *****************************************
/root/glm-testing/ds41f/inference/probe_decode_cpu.py:30: FutureWarning: torch.cuda._set_allocator_settings is deprecated. Use torch._C._accelerator_setAllocatorSettings instead.
  torch.cuda.memory._set_allocator_settings("expandable_segments:True")
/root/glm-testing/ds41f/inference/probe_decode_cpu.py:30: FutureWarning: torch.cuda._set_allocator_settings is deprecated. Use torch._C._accelerator_setAllocatorSettings instead.
  torch.cuda.memory._set_allocator_settings("expandable_segments:True")
/root/glm-testing/ds41f/inference/probe_decode_cpu.py:30: FutureWarning: torch.cuda._set_allocator_settings is deprecated. Use torch._C._accelerator_setAllocatorSettings instead.
  torch.cuda.memory._set_allocator_settings("expandable_segments:True")
/root/glm-testing/ds41f/inference/probe_decode_cpu.py:30: FutureWarning: torch.cuda._set_allocator_settings is deprecated. Use torch._C._accelerator_setAllocatorSettings instead.
  torch.cuda.memory._set_allocator_settings("expandable_segments:True")
  [placement] file=/root/glm-testing/ds41f/inference/expert_placement.pt sha256=e8cab35b81bc175e893cd713780783794236bf6a7d951b0d1405a12a69740030 layers=40 experts=384
  [placement] layer 0 redistributed
  [placement] layer 1 redistributed
  [placement] layer 2 redistributed
  [placement] layer 3 redistributed
  [placement] layer 4 redistributed
  [placement] layer 5 redistributed
  [placement] layer 6 redistributed
  [placement] layer 7 redistributed
  [placement] layer 8 redistributed
  [placement] layer 9 redistributed
  [placement] layer 10 redistributed
  [placement] layer 11 redistributed
  [placement] layer 12 redistributed
  [placement] layer 13 redistributed
  [placement] layer 14 redistributed
  [placement] layer 15 redistributed
  [placement] layer 16 redistributed
  [placement] layer 17 redistributed
  [placement] layer 18 redistributed
  [placement] layer 19 redistributed
  [placement] layer 20 redistributed
  [placement] layer 21 redistributed
  [placement] layer 22 redistributed
  [placement] layer 23 redistributed
  [placement] layer 24 redistributed
  [placement] layer 25 redistributed
  [placement] layer 26 redistributed
  [placement] layer 27 redistributed
  [placement] layer 28 redistributed
  [placement] layer 29 redistributed
  [placement] layer 30 redistributed
  [placement] layer 31 redistributed
  [placement] layer 32 redistributed
  [placement] layer 33 redistributed
  [placement] layer 34 redistributed
  [placement] layer 35 redistributed
  [placement] layer 36 redistributed
  [placement] layer 37 redistributed
  [placement] layer 38 redistributed
  [placement] layer 39 redistributed
  [placement] applied /root/glm-testing/ds41f/inference/expert_placement.pt
/root/miniforge3/envs/ds41f/lib/python3.12/site-packages/torch/distributed/c10d_logger.py:83: UserWarning: barrier(): using the device under current context. You can specify `device_id` in `init_process_group` to mute this warning.
  return func(*args, **kwargs)
pipelined and sync-each produced identical tokens: False
  pipelined tokens: [223, 547, 223, 3374, 223, 947, 223, 812] ... [223, 548, 223, 888]
[pipelined]  enqueue median=   0.02  min=   0.02  max=   0.02  mean=   0.02 ms   GPU median=  29.33  min=  28.95  max=  31.93  mean=  29.46 ms   wall   29.47 ms
[sync-each]  enqueue median=   0.02  min=   0.02  max=   0.03  mean=   0.02 ms   GPU median=  32.16  min=  31.71  max=  32.69  mean=  32.11 ms   wall   32.16 ms
exposed non-GPU (pipelined wall - GPU mean) = 0.01 ms/step
wall - median GPU = 0.14 ms/step
